columns_to_encode = [
        "Episode_Length_minutes",
        "Episode_Num",
        "Host_Popularity_percentage",
        "Number_of_Ads",
        "Episode_Sentiment",
        "Publication_Day",
        "Publication_Time",
        "Genre",
        "Guest_Popularity_percentage",
    ]
  pair_size = [2, 3, 4]
12.005461


columns_to_encode = [
        "Episode_Length_minutes",
        "Podcast_Name",
        "Episode_Num",
        # "Host_Popularity_percentage",
        "Number_of_Ads",
        # "Episode_Sentiment",
        "Publication_Day",
        "Publication_Time",
        "Genre",
        # "Guest_Popularity_percentage",
    ]
    12.54437590323197


columns_to_encode = [
        "Podcast_Name",
        "Episode_Length_minutes",
        "Genre",
        "Host_Popularity_percentage",
        "Publication_Day",
        "Publication_Time",
        "Guest_Popularity_percentage",
        "Number_of_Ads",
        "Episode_Sentiment",
        "Episode_Num",
        "Episode_Length_minutes_NaN",
        "Guest_Popularity_percentage_NaN",
        "Podcast_Name_Episode_Num_norm",
    ]